// Jest Snapshot v1, https://goo.gl/fbAQLP

exports[`matches snapshot 1`] = `
<DocumentFragment>
  <div
    class="SearchForm mb-4"
  >
    <form
      class="form-inline"
    >
      <input
        class="form-control form-control-lg flex-grow-1"
        name="searchTerm"
        placeholder="Enter book category to filter your library"
        value=""
      />
      <button
        class="btn btn-lg btn-secondary"
        type="submit"
      >
        Filter
      </button>
    </form>
  </div>
</DocumentFragment>
`;
